Godot Engine v4.7.stable.official.5b4e0cb0f - https://godotengine.org

[   0% ] [90m[1mfirst_scan_filesystem[22m | Started Project initialization (5 steps)[39m[0m
[   0% ] [90m[1mfirst_scan_filesystem[22m | Scanning file structure...[39m[0m
[  16% ] [90m[1mfirst_scan_filesystem[22m | Loading global class names...[39m[0m
[  33% ] [90m[1mfirst_scan_filesystem[22m | Verifying GDExtensions...[39m[0m
[  50% ] [90m[1mfirst_scan_filesystem[22m | Creating autoload scripts...[39m[0m
[  66% ] [90m[1mfirst_scan_filesystem[22m | Initializing plugins...[39m[0m
[  83% ] [90m[1mfirst_scan_filesystem[22m | Starting file scan...[39m[0m
[92m[ DONE ][39m [1mfirst_scan_filesystem[22m
[0m
[   0% ] [90m[1mreimport[22m | Started (Re)Importing Assets (44 steps)[39m[0m
[   0% ] [90m[1mreimport[22m | Preparing files to reimport...[39m[0m
[   2% ] [90m[1mreimport[22m | Preparing files to reimport...[39m[0m
[   4% ] [90m[1mreimport[22m | Preparing files to reimport...[39m[0m
[   6% ] [90m[1mreimport[22m | Preparing files to reimport...[39m[0m
[   8% ] [90m[1mreimport[22m | Preparing files to reimport...[39m[0m
[  11% ] [90m[1mreimport[22m | Preparing files to reimport...[39m[0m
[  13% ] [90m[1mreimport[22m | Preparing files to reimport...[39m[0m
[  15% ] [90m[1mreimport[22m | Preparing files to reimport...[39m[0m
[  17% ] [90m[1mreimport[22m | Preparing files to reimport...[39m[0m
[  20% ] [90m[1mreimport[22m | Preparing files to reimport...[39m[0m
[  22% ] [90m[1mreimport[22m | Preparing files to reimport...[39m[0m
[  24% ] [90m[1mreimport[22m | Preparing files to reimport...[39m[0m
[  26% ] [90m[1mreimport[22m | Preparing files to reimport...[39m[0m
[  28% ] [90m[1mreimport[22m | Preparing files to reimport...[39m[0m
[  31% ] [90m[1mreimport[22m | Preparing files to reimport...[39m[0m
[  33% ] [90m[1mreimport[22m | Preparing files to reimport...[39m[0m
[  35% ] [90m[1mreimport[22m | Preparing files to reimport...[39m[0m
[  37% ] [90m[1mreimport[22m | Preparing files to reimport...[39m[0m
[  40% ] [90m[1mreimport[22m | Preparing files to reimport...[39m[0m
[  42% ] [90m[1mreimport[22m | Preparing files to reimport...[39m[0m
[  44% ] [90m[1mreimport[22m | Preparing files to reimport...[39m[0m
[  46% ] [90m[1mreimport[22m | Preparing files to reimport...[39m[0m
[  48% ] [90m[1mreimport[22m | Preparing files to reimport...[39m[0m
[  51% ] [90m[1mreimport[22m | Preparing files to reimport...[39m[0m
[  53% ] [90m[1mreimport[22m | Preparing files to reimport...[39m[0m
[  55% ] [90m[1mreimport[22m | Preparing files to reimport...[39m[0m
[  57% ] [90m[1mreimport[22m | Preparing files to reimport...[39m[0m
[  60% ] [90m[1mreimport[22m | Preparing files to reimport...[39m[0m
[  62% ] [90m[1mreimport[22m | Preparing files to reimport...[39m[0m
[  64% ] [90m[1mreimport[22m | Preparing files to reimport...[39m[0m
[  66% ] [90m[1mreimport[22m | Preparing files to reimport...[39m[0m
[  68% ] [90m[1mreimport[22m | Preparing files to reimport...[39m[0m
[  71% ] [90m[1mreimport[22m | Preparing files to reimport...[39m[0m
[  73% ] [90m[1mreimport[22m | Preparing files to reimport...[39m[0m
[  75% ] [90m[1mreimport[22m | Preparing files to reimport...[39m[0m
[  77% ] [90m[1mreimport[22m | Preparing files to reimport...[39m[0m
[  80% ] [90m[1mreimport[22m | Preparing files to reimport...[39m[0m
[  82% ] [90m[1mreimport[22m | Preparing files to reimport...[39m[0m
[  84% ] [90m[1mreimport[22m | Preparing files to reimport...[39m[0m
[  86% ] [90m[1mreimport[22m | Preparing files to reimport...[39m[0m
[  88% ] [90m[1mreimport[22m | Preparing files to reimport...[39m[0m
[  91% ] [90m[1mreimport[22m | Preparing files to reimport...[39m[0m
[  93% ] [90m[1mreimport[22m | Preparing files to reimport...[39m[0m
[  95% ] [90m[1mreimport[22m | Preparing files to reimport...[39m[0m
[   0% ] [90m[1mreimport[22m | Executing pre-reimport operations...[39m[0m
[   0% ] [90m[1mpreload_reimporting_scene[22m | Started Preparing scenes for reload (1 steps)[39m[0m
[   0% ] [90m[1mpreload_reimporting_scene[22m | Analyzing scene [empty][39m[0m
[  50% ] [90m[1mpreload_reimporting_scene[22m | Preparation done.[39m[0m
[92m[ DONE ][39m [1mpreload_reimporting_scene[22m
[0m
[   0% ] [90m[1mreimport[22m | RF_Hangar_T_Decal_Dec_SCIENCE.png[39m[0m
[   2% ] [90m[1mreimport[22m | RF_Hangar_T_Decal_Step01.png[39m[0m
[   4% ] [90m[1mreimport[22m | RF_Hangar_T_Decal_Step02.png[39m[0m
[   6% ] [90m[1mreimport[22m | RF_Hangar_T_Decal_Step03.png[39m[0m
[   8% ] [90m[1mreimport[22m | RF_Hangar_T_Decal_Step04.png[39m[0m
[  11% ] [90m[1mreimport[22m | RF_Hangar_T_Decal_Step05.png[39m[0m
[  13% ] [90m[1mreimport[22m | RF_Hangar_T_Decal_Step06.png[39m[0m
[  15% ] [90m[1mreimport[22m | RF_Hangar_T_Decal_TurntableRing.png[39m[0m
[  17% ] [90m[1mreimport[22m | RF_Hangar_T_Decal_WorkBay.png[39m[0m
[  20% ] [90m[1mreimport[22m | RF_Hangar_T_RoofDeck_Normal.png[39m[0m
[  22% ] [90m[1mreimport[22m | RF_Hangar_T_Floor_Epoxy_BaseColor.png[39m[0m
[  24% ] [90m[1mreimport[22m | RF_Hangar_T_Floor_Epoxy_Roughness.png[39m[0m
[  26% ] [90m[1mreimport[22m | RF_Hangar_T_Floor_Epoxy_Normal.png[39m[0m
[  28% ] [90m[1mreimport[22m | RF_Hangar_T_Brushed_Roughness.png[39m[0m
[  31% ] [90m[1mreimport[22m | RF_Hangar_T_Grate_BaseColor.png[39m[0m
[  33% ] [90m[1mreimport[22m | RF_Hangar_T_Grate_Normal.png[39m[0m
[  35% ] [90m[1mreimport[22m | RF_Hangar_T_Screen_DigitalTwin.png[39m[0m
[  37% ] [90m[1mreimport[22m | RF_Hangar_T_Screen_MissionConfig.png[39m[0m
[  40% ] [90m[1mreimport[22m | RF_Hangar_T_Screen_Comms.png[39m[0m
[  42% ] [90m[1mreimport[22m | RF_Hangar_T_Screen_Mobility.png[39m[0m
[  44% ] [90m[1mreimport[22m | RF_Hangar_T_Screen_Power.png[39m[0m
[  46% ] [90m[1mreimport[22m | RF_Hangar_T_Screen_Science.png[39m[0m
[  48% ] [90m[1mreimport[22m | RF_Hangar_T_Decal_ServiceAtlas.png[39m[0m
[  51% ] [90m[1mreimport[22m | RF_Hangar_T_Decal_ColumnH1.png[39m[0m
[  53% ] [90m[1mreimport[22m | RF_Hangar_T_Decal_ColumnH2.png[39m[0m
[  55% ] [90m[1mreimport[22m | RF_Hangar_T_Decal_ColumnH3.png[39m[0m
[  57% ] [90m[1mreimport[22m | RF_Hangar_T_Decal_ColumnH4.png[39m[0m
[  60% ] [90m[1mreimport[22m | RF_Hangar_T_Decal_ColumnH5.png[39m[0m
[  62% ] [90m[1mreimport[22m | RF_Hangar_T_Decal_Hazard.png[39m[0m
[  64% ] [90m[1mreimport[22m | RF_Hangar_T_Decal_Insignia.png[39m[0m
[  66% ] [90m[1mreimport[22m | RF_Hangar_T_Decal_DigitalTwin.png[39m[0m
[  68% ] [90m[1mreimport[22m | RF_Hangar_T_Decal_FlightOps.png[39m[0m
[  71% ] [90m[1mreimport[22m | RF_Hangar_T_Decal_Scuffs.png[39m[0m
[  73% ] [90m[1mreimport[22m | RF_Hangar_T_Decal_FloorWear.png[39m[0m
[  75% ] [90m[1mreimport[22m | RF_Hangar_T_Decal_MissionControl.png[39m[0m
[  77% ] [90m[1mreimport[22m | RF_Hangar_T_Decal_MissionConfig.png[39m[0m
[  80% ] [90m[1mreimport[22m | RF_Hangar_T_Decal_COMMS.png[39m[0m
[  82% ] [90m[1mreimport[22m | RF_Hangar_T_Decal_Dec_COMMS.png[39m[0m
[  84% ] [90m[1mreimport[22m | RF_Hangar_T_Decal_MOBILITY.png[39m[0m
[  86% ] [90m[1mreimport[22m | RF_Hangar_T_Decal_Dec_MOBILITY.png[39m[0m
[  88% ] [90m[1mreimport[22m | RF_Hangar_T_Decal_POWER.png[39m[0m
[  91% ] [90m[1mreimport[22m | RF_Hangar_T_Decal_Dec_POWER.png[39m[0m
[  93% ] [90m[1mreimport[22m | RF_Hangar_T_Decal_SCIENCE.png[39m[0m
[  95% ] [90m[1mreimport[22m | RF_Hangar.glb[39m[0m
[   0% ] [90m[1mimport[22m | Started Import Scene (104 steps)[39m[0m
[   0% ] [90m[1mimport[22m | Importing Scene...[39m[0m
[   1% ] [90m[1mimport[22m | Running Custom Script...[39m[0m
[  99% ] [90m[1mimport[22m | Saving...[39m[0m
[92m[ DONE ][39m [1mimport[22m
[0m
[  97% ] [90m[1mreimport[22m | Finalizing Asset Import...[39m[0m
[92m[ DONE ][39m [1mreimport[22m
[0m
[   0% ] [90m[1mreimport[22m | Started (Re)Importing Assets (44 steps)[39m[0m
[   0% ] [90m[1mreimport[22m | Executing post-reimport operations...[39m[0m
[92m[ DONE ][39m [1mreimport[22m
[0m
[   0% ] [90m[1mloading_editor_layout[22m | Started Loading editor (5 steps)[39m[0m
[   0% ] [90m[1mloading_editor_layout[22m | Loading editor layout...[39m[0m
[  16% ] [90m[1mloading_editor_layout[22m | Loading docks...[39m[0m
[92m[ DONE ][39m [1mloading_editor_layout[22m
[0m
